00:00 +0: loading C:/Dev/idle-time/test/domain/reproduce_era_bug_test.dart
00:00 +0: Should advance to Atomic Era from Roaring 20s when all techs are maxed
00:00 +0 -1: Should advance to Atomic Era from Roaring 20s when all techs are maxed [E]
  Binding has not yet been initialized.
  The "instance" getter on the ServicesBinding binding mixin is only available once that binding has been initialized.
  Typically, this is done by calling "WidgetsFlutterBinding.ensureInitialized()" or "runApp()" (the latter calls the former). Typically this call is done in the "void main()" method. The "ensureInitialized" method is idempotent; calling it multiple times is not harmful. After calling that method, the "instance" getter will return the binding.
  In a test, one can call "TestWidgetsFlutterBinding.ensureInitialized()" as the first line in the test's "main()" method to initialize the binding.
  If ServicesBinding is a custom binding mixin, there must also be a custom binding class, like WidgetsFlutterBinding, but that mixes in the selected binding, and that is the class that must be constructed before using the "instance" getter.
  dart:async                                                               _Completer.completeError
  package:shared_preferences/src/shared_preferences_legacy.dart 90:19      SharedPreferences.getInstance
  ===== asynchronous gap ===========================
  dart:async                                                               _CustomZone.registerBinaryCallback
  package:shared_preferences/src/shared_preferences_legacy.dart 85:13      SharedPreferences.getInstance
  package:time_factory/core/services/save_service.dart 33:43               SaveService.load
  package:time_factory/presentation/state/game_state_provider.dart 157:43  GameStateNotifier.loadFromStorage
  package:time_factory/presentation/state/game_state_provider.dart 62:11   GameStateNotifier._init
  package:time_factory/presentation/state/game_state_provider.dart 59:5    new GameStateNotifier
  package:time_factory/presentation/state/game_state_provider.dart 30:10   gameStateProvider.<fn>
  package:riverpod/src/state_notifier_provider/base.dart 119:21            StateNotifierProvider._create
  package:riverpod/src/state_notifier_provider/base.dart 172:64            StateNotifierProviderElement.create.<fn>
  package:riverpod/src/result.dart 21:28                                   Result.guard
  package:riverpod/src/state_notifier_provider/base.dart 172:43            StateNotifierProviderElement.create
  package:riverpod/src/framework/element.dart 426:7                        ProviderElementBase.buildState
  package:riverpod/src/framework/element.dart 228:5                        ProviderElementBase.mount
  package:riverpod/src/framework/container.dart 47:11                      _StateReader._create
  package:riverpod/src/framework/container.dart 35:52                      _StateReader.getElement
  package:riverpod/src/framework/container.dart 440:40                     ProviderContainer.readProviderElement.<fn>
  package:riverpod/src/framework/container.dart 475:8                      ProviderContainer.readProviderElement
  package:riverpod/src/framework/proxy_provider_listenable.dart 134:26     ProviderElementProxy.read
  package:riverpod/src/framework/container.dart 241:21                     ProviderContainer.read
  test\domain\reproduce_era_bug_test.dart 13:34                            main.<fn>
  
00:00 +0 -1: Some tests failed.
